******************************************************************************
                  TI ARM Linker PC v16.9.4                     
******************************************************************************
>> Linked Thu Aug 24 12:12:09 2023

OUTPUT FILE NAME:   <MicroController_Drivers.out>
ENTRY POINT SYMBOL: "_c_int00"  address: 00001149


MEMORY CONFIGURATION

         name            origin    length      used     unused   attr    fill
----------------------  --------  ---------  --------  --------  ----  --------
  FLASH                 00000000   00040000  00001320  0003ece0  R  X
  SRAM                  20000000   00008000  00000228  00007dd8  RW X


SEGMENT ALLOCATION MAP

run origin  load origin   length   init length attrs members
----------  ----------- ---------- ----------- ----- -------
00000000    00000000    00001320   00001320    r-x
  00000000    00000000    0000026c   0000026c    r-- .intvecs
  0000026c    0000026c    0000107c   0000107c    r-x .text
  000012e8    000012e8    00000038   00000038    r-- .cinit
20000000    20000000    00000228   00000000    rw-
  20000000    20000000    00000200   00000000    rw- .stack
  20000200    20000200    00000020   00000000    rw- .data
  20000220    20000220    00000008   00000000    rw- .bss


SECTION ALLOCATION MAP

 output                                  attributes/
section   page    origin      length       input sections
--------  ----  ----------  ----------   ----------------
.intvecs   0    00000000    0000026c     
                  00000000    0000026c     tm4c123gh6pm_startup_ccs.obj (.intvecs)

.text      0    0000026c    0000107c     
                  0000026c    000004cc     LCD.obj (.text)
                  00000738    000003cc     DIO.obj (.text)
                  00000b04    0000033c     GPIO_INTERRUPT.obj (.text)
                  00000e40    000000a8     main.obj (.text)
                  00000ee8    0000009c     rtsv7M4_T_le_v4SPD16_eabi.lib : memcpy_t2.obj (.text)
                  00000f84    0000007a                                   : memset_t2.obj (.text)
                  00000ffe    00000002                                   : mpu_init.obj (.text)
                  00001000    00000070     Systick.obj (.text)
                  00001070    00000070     rtsv7M4_T_le_v4SPD16_eabi.lib : autoinit.obj (.text)
                  000010e0    00000068                                   : copy_decompress_lzss.obj (.text:decompress:lzss)
                  00001148    00000054                                   : boot.obj (.text)
                  0000119c    00000054                                   : exit.obj (.text)
                  000011f0    00000054                                   : ltoa.obj (.text)
                  00001244    0000004c                                   : cpy_tbl.obj (.text)
                  00001290    00000018                                   : args_main.obj (.text)
                  000012a8    00000014                                   : _lock.obj (.text)
                  000012bc    0000000e                                   : copy_decompress_none.obj (.text:decompress:none)
                  000012ca    0000000c                                   : copy_zero_init.obj (.text:decompress:ZI)
                  000012d6    0000000c     tm4c123gh6pm_startup_ccs.obj (.text)
                  000012e2    00000004     rtsv7M4_T_le_v4SPD16_eabi.lib : pre_init.obj (.text)
                  000012e6    00000002                                   : startup.obj (.text)

.cinit     0    000012e8    00000038     
                  000012e8    00000011     (.cinit..data.load) [load image, compression = lzss]
                  000012f9    00000003     --HOLE-- [fill = 0]
                  000012fc    0000000c     (__TI_handler_table)
                  00001308    00000008     (.cinit..bss.load) [load image, compression = zero_init]
                  00001310    00000010     (__TI_cinit_table)

.init_array 
*          0    00000000    00000000     UNINITIALIZED

.stack     0    20000000    00000200     UNINITIALIZED
                  20000000    00000200     --HOLE--

.data      0    20000200    00000020     UNINITIALIZED
                  20000200    0000000c     rtsv7M4_T_le_v4SPD16_eabi.lib : exit.obj (.data:$O1$$)
                  2000020c    00000008                                   : _lock.obj (.data:$O1$$)
                  20000214    00000004     Systick.obj (.data)
                  20000218    00000004     main.obj (.data)
                  2000021c    00000004     rtsv7M4_T_le_v4SPD16_eabi.lib : stkdepth_vars.obj (.data)

.bss       0    20000220    00000008     UNINITIALIZED
                  20000220    00000004     (.common:LCD_counter)
                  20000224    00000004     (.common:LCD_pos)

MODULE SUMMARY

       Module                         code   ro data   rw data
       ------                         ----   -------   -------
    .\
       LCD.obj                        1228   0         8      
       DIO.obj                        972    0         0      
       GPIO_INTERRUPT.obj             828    0         0      
       tm4c123gh6pm_startup_ccs.obj   12     620       0      
       main.obj                       168    0         4      
       Systick.obj                    112    0         4      
    +--+------------------------------+------+---------+---------+
       Total:                         3320   620       16     
                                                              
    C:\ti\ccsv7\tools\compiler\ti-cgt-arm_16.9.4.LTS\lib\rtsv7M4_T_le_v4SPD16_eabi.lib
       memcpy_t2.obj                  156    0         0      
       memset_t2.obj                  122    0         0      
       autoinit.obj                   112    0         0      
       copy_decompress_lzss.obj       104    0         0      
       exit.obj                       84     0         12     
       boot.obj                       84     0         0      
       ltoa.obj                       84     0         0      
       cpy_tbl.obj                    76     0         0      
       _lock.obj                      20     0         8      
       args_main.obj                  24     0         0      
       copy_decompress_none.obj       14     0         0      
       copy_zero_init.obj             12     0         0      
       pre_init.obj                   4      0         0      
       stkdepth_vars.obj              0      0         4      
       mpu_init.obj                   2      0         0      
       startup.obj                    2      0         0      
    +--+------------------------------+------+---------+---------+
       Total:                         900    0         24     
                                                              
       Stack:                         0      0         512    
       Linker Generated:              0      53        0      
    +--+------------------------------+------+---------+---------+
       Grand Total:                   4220   673       552    


LINKER GENERATED COPY TABLES

__TI_cinit_table @ 00001310 records: 2, size/record: 8, table size: 16
	.data: load addr=000012e8, load size=00000011 bytes, run addr=20000200, run size=00000020 bytes, compression=lzss
	.bss: load addr=00001308, load size=00000008 bytes, run addr=20000220, run size=00000008 bytes, compression=zero_init


LINKER GENERATED HANDLER TABLE

__TI_handler_table @ 000012fc records: 3, size/record: 4, table size: 12
	index: 0, handler: __TI_decompress_lzss
	index: 1, handler: __TI_decompress_none
	index: 2, handler: __TI_zero_init


GLOBAL SYMBOLS: SORTED ALPHABETICALLY BY Name 

address   name                           
-------   ----                           
0000119d  C$$EXIT                        
00000739  DIO_INIT                       
000008db  DIO_WRITE                      
0000026d  LCD_INIT                       
20000220  LCD_counter                    
20000224  LCD_pos                        
00000e7d  Polling_ISR                    
000012d7  ResetISR                       
000002fd  SEND_CHAR                      
0000042f  SEND_DATA                      
0000051b  SEND_STRING                    
UNDEFED   SHT$$INIT_ARRAY$$Base          
UNDEFED   SHT$$INIT_ARRAY$$Limit         
00001053  Stop                           
00000ed1  Systic_ISR                     
00001001  Systick_Init                   
20000200  __STACK_END                    
00000200  __STACK_SIZE                   
20000200  __STACK_TOP                    
00001310  __TI_CINIT_Base                
00001320  __TI_CINIT_Limit               
000012fc  __TI_Handler_Table_Base        
00001308  __TI_Handler_Table_Limit       
00001071  __TI_auto_init                 
20000200  __TI_cleanup_ptr               
000010e1  __TI_decompress_lzss           
000012bd  __TI_decompress_none           
20000204  __TI_dtors_ptr                 
20000208  __TI_enable_exit_profile_output
ffffffff  __TI_pprof_out_hndl            
ffffffff  __TI_prof_data_size            
ffffffff  __TI_prof_data_start           
00000000  __TI_static_base__             
000012cb  __TI_zero_init                 
00000f85  __aeabi_memclr                 
00000f85  __aeabi_memclr4                
00000f85  __aeabi_memclr8                
00000ee9  __aeabi_memcpy                 
00000ee9  __aeabi_memcpy4                
00000ee9  __aeabi_memcpy8                
00000f87  __aeabi_memset                 
00000f87  __aeabi_memset4                
00000f87  __aeabi_memset8                
ffffffff  __binit__                      
ffffffff  __c_args__                     
00000fff  __mpu_init                     
20000000  __stack                        
00001291  _args_main                     
00001149  _c_int00                       
2000020c  _lock                          
000012b7  _nop                           
000012af  _register_lock                 
000012a9  _register_unlock               
000012e7  _system_post_cinit             
000012e3  _system_pre_init               
20000210  _unlock                        
000011a1  abort                          
ffffffff  binit                          
0000065f  clear_display                  
00001245  copy_in                        
000003c9  cursor_blink                   
0000057d  delay_ms                       
000005bf  delay_us                       
00001027  display                        
000005f9  display_control                
00000555  enable_pulse                   
000011a9  exit                           
20000218  flag                           
00000000  g_pfnVectors                   
00000b05  interrupt_init                 
000011f1  ltoa                           
00000e41  main                           
2000021c  main_func_sp                   
00000ee9  memcpy                         
00000f8d  memset                         
00000363  move_cursor                    
000006c9  return_home                    


GLOBAL SYMBOLS: SORTED BY Symbol Address 

address   name                           
-------   ----                           
00000000  __TI_static_base__             
00000000  g_pfnVectors                   
00000200  __STACK_SIZE                   
0000026d  LCD_INIT                       
000002fd  SEND_CHAR                      
00000363  move_cursor                    
000003c9  cursor_blink                   
0000042f  SEND_DATA                      
0000051b  SEND_STRING                    
00000555  enable_pulse                   
0000057d  delay_ms                       
000005bf  delay_us                       
000005f9  display_control                
0000065f  clear_display                  
000006c9  return_home                    
00000739  DIO_INIT                       
000008db  DIO_WRITE                      
00000b05  interrupt_init                 
00000e41  main                           
00000e7d  Polling_ISR                    
00000ed1  Systic_ISR                     
00000ee9  __aeabi_memcpy                 
00000ee9  __aeabi_memcpy4                
00000ee9  __aeabi_memcpy8                
00000ee9  memcpy                         
00000f85  __aeabi_memclr                 
00000f85  __aeabi_memclr4                
00000f85  __aeabi_memclr8                
00000f87  __aeabi_memset                 
00000f87  __aeabi_memset4                
00000f87  __aeabi_memset8                
00000f8d  memset                         
00000fff  __mpu_init                     
00001001  Systick_Init                   
00001027  display                        
00001053  Stop                           
00001071  __TI_auto_init                 
000010e1  __TI_decompress_lzss           
00001149  _c_int00                       
0000119d  C$$EXIT                        
000011a1  abort                          
000011a9  exit                           
000011f1  ltoa                           
00001245  copy_in                        
00001291  _args_main                     
000012a9  _register_unlock               
000012af  _register_lock                 
000012b7  _nop                           
000012bd  __TI_decompress_none           
000012cb  __TI_zero_init                 
000012d7  ResetISR                       
000012e3  _system_pre_init               
000012e7  _system_post_cinit             
000012fc  __TI_Handler_Table_Base        
00001308  __TI_Handler_Table_Limit       
00001310  __TI_CINIT_Base                
00001320  __TI_CINIT_Limit               
20000000  __stack                        
20000200  __STACK_END                    
20000200  __STACK_TOP                    
20000200  __TI_cleanup_ptr               
20000204  __TI_dtors_ptr                 
20000208  __TI_enable_exit_profile_output
2000020c  _lock                          
20000210  _unlock                        
20000218  flag                           
2000021c  main_func_sp                   
20000220  LCD_counter                    
20000224  LCD_pos                        
ffffffff  __TI_pprof_out_hndl            
ffffffff  __TI_prof_data_size            
ffffffff  __TI_prof_data_start           
ffffffff  __binit__                      
ffffffff  __c_args__                     
ffffffff  binit                          
UNDEFED   SHT$$INIT_ARRAY$$Base          
UNDEFED   SHT$$INIT_ARRAY$$Limit         

[77 symbols]
